stage: meta
stage: provider-load-fips
stage: fips-load-failed fconf=/home/runner/work/frontier/frontier/openssl-install/ssl/openssl-fips.cnf err=system library|common libcrypto routines: provider section error|configuration file routines: module initialization error
stage: provider-load-default
stage: v1 raw/default
stage: v1 raw/fips
stage: v2 raw/default
stage: v2 raw/fips
stage: v3 raw/default
stage: v3 raw/fips
stage: v4 raw/default
stage: v4 raw/fips
stage: v5 raw/default
stage: v5 raw/fips
stage: v6 raw/default
stage: v6 raw/fips
stage: v7 raw/default
stage: v7 raw/fips
stage: v8 raw/default
stage: v8 raw/fips
stage: v9 raw/default
stage: v9 raw/fips
stage: v10 raw/default
stage: v10 raw/fips
stage: v11 raw/default
stage: v11 raw/fips
stage: v12 raw/default
stage: v12 raw/fips
stage: v13 raw/default
stage: v13 raw/fips
stage: v14 raw/default
stage: v14 raw/fips
stage: v15 raw/default
stage: v15 raw/fips
stage: v16 raw/default
stage: v16 raw/fips
stage: v17 raw/default
stage: v17 raw/fips
stage: v18 raw/default
stage: v18 raw/fips
stage: v19 raw/default
stage: v19 raw/fips
stage: v20 raw/default
stage: v20 raw/fips
stage: v21 raw/default
stage: v21 raw/fips
stage: v22 raw/default
stage: v22 raw/fips
stage: v23 raw/default
stage: v23 raw/fips
stage: v24 raw/default
stage: v24 raw/fips
stage: v25 raw/default
stage: v25 raw/fips
stage: v26 raw/default
stage: v26 raw/fips
stage: v27 raw/default
stage: v27 raw/fips
stage: v28 raw/default
stage: v28 raw/fips
stage: v29 raw/default
stage: v29 raw/fips
stage: v30 raw/default
stage: v30 raw/fips
stage: v31 raw/default
stage: v31 raw/fips
stage: v32 raw/default
stage: v32 raw/fips
stage: v33 raw/default
stage: v33 raw/fips
stage: v34 raw/default
stage: v34 raw/fips
stage: v35 raw/default
stage: v35 raw/fips
stage: v36 raw/default
stage: v36 raw/fips
stage: v37 raw/default
stage: v37 raw/fips
stage: v38 raw/default
stage: v38 raw/fips
stage: v39 raw/default
stage: v39 raw/fips
progress: vector 40 (ML-KEM-512)
stage: v40 raw/default
stage: v40 raw/fips
stage: v41 raw/default
stage: v41 raw/fips
stage: v42 raw/default
stage: v42 raw/fips
stage: v43 raw/default
stage: v43 raw/fips
stage: v44 raw/default
stage: v44 raw/fips
stage: v45 raw/default
stage: v45 raw/fips
stage: v46 raw/default
stage: v46 raw/fips
stage: v47 raw/default
stage: v47 raw/fips
stage: v48 raw/default
stage: v48 raw/fips
stage: v49 raw/default
stage: v49 raw/fips
stage: v50 raw/default
stage: v50 raw/fips
stage: v51 raw/default
stage: v51 raw/fips
stage: v52 raw/default
stage: v52 raw/fips
stage: v53 raw/default
stage: v53 raw/fips
stage: v54 raw/default
stage: v54 raw/fips
stage: v55 raw/default
stage: v55 raw/fips
stage: v56 raw/default
stage: v56 raw/fips
stage: v57 raw/default
stage: v57 raw/fips
stage: v58 raw/default
stage: v58 raw/fips
stage: v59 raw/default
stage: v59 raw/fips
stage: v60 raw/default
stage: v60 raw/fips
stage: v61 raw/default
stage: v61 raw/fips
stage: v62 raw/default
stage: v62 raw/fips
stage: v63 raw/default
stage: v63 raw/fips
stage: v64 raw/default
stage: v64 raw/fips
stage: v65 raw/default
stage: v65 raw/fips
stage: v66 raw/default
stage: v66 raw/fips
stage: v67 raw/default
stage: v67 raw/fips
stage: v68 raw/default
stage: v68 raw/fips
stage: v69 raw/default
stage: v69 raw/fips
stage: v70 raw/default
stage: v70 raw/fips
stage: v71 raw/default
stage: v71 raw/fips
stage: v72 raw/default
stage: v72 raw/fips
stage: v73 raw/default
stage: v73 raw/fips
stage: v74 raw/default
stage: v74 raw/fips
stage: v75 raw/default
stage: v75 raw/fips
stage: v76 raw/default
stage: v76 raw/fips
stage: v77 raw/default
stage: v77 raw/fips
stage: v78 raw/default
stage: v78 raw/fips
stage: v79 raw/default
stage: v79 raw/fips
progress: vector 80 (ML-KEM-768)
stage: v80 raw/default
stage: v80 raw/fips
stage: v81 raw/default
stage: v81 raw/fips
stage: v82 raw/default
stage: v82 raw/fips
stage: v83 raw/default
stage: v83 raw/fips
stage: v84 raw/default
stage: v84 raw/fips
stage: v85 raw/default
stage: v85 raw/fips
stage: v86 raw/default
stage: v86 raw/fips
stage: v87 raw/default
stage: v87 raw/fips
stage: v88 raw/default
stage: v88 raw/fips
stage: v89 raw/default
stage: v89 raw/fips
stage: v90 raw/default
stage: v90 raw/fips
stage: v91 raw/default
stage: v91 raw/fips
stage: v92 raw/default
stage: v92 raw/fips
stage: v93 raw/default
stage: v93 raw/fips
stage: v94 raw/default
stage: v94 raw/fips
stage: v95 raw/default
stage: v95 raw/fips
stage: v96 raw/default
stage: v96 raw/fips
stage: v97 raw/default
stage: v97 raw/fips
stage: v98 raw/default
stage: v98 raw/fips
stage: v99 raw/default
stage: v99 raw/fips
stage: v100 raw/default
stage: v100 raw/fips
stage: v101 raw/default
stage: v101 raw/fips
stage: v102 raw/default
stage: v102 raw/fips
stage: v103 raw/default
stage: v103 raw/fips
stage: v104 raw/default
stage: v104 raw/fips
stage: v105 raw/default
stage: v105 raw/fips
stage: v106 raw/default
stage: v106 raw/fips
stage: v107 raw/default
stage: v107 raw/fips
stage: v108 raw/default
stage: v108 raw/fips
stage: v109 raw/default
stage: v109 raw/fips
stage: v110 raw/default
stage: v110 raw/fips
stage: v111 raw/default
stage: v111 raw/fips
stage: v112 raw/default
stage: v112 raw/fips
stage: v113 raw/default
stage: v113 raw/fips
stage: v114 raw/default
stage: v114 raw/fips
stage: v115 raw/default
stage: v115 raw/fips
stage: v116 raw/default
stage: v116 raw/fips
stage: v117 raw/default
stage: v117 raw/fips
stage: v118 raw/default
stage: v118 raw/fips
stage: v119 raw/default
stage: v119 raw/fips
progress: vector 120 (ML-KEM-1024)
stage: v120 raw/default
stage: v120 raw/fips
stage: v121 raw/default
stage: v121 raw/fips
stage: v122 raw/default
stage: v122 raw/fips
stage: v123 raw/default
stage: v123 raw/fips
stage: v124 raw/default
stage: v124 raw/fips
stage: v125 raw/default
stage: v125 raw/fips
stage: v126 raw/default
stage: v126 raw/fips
stage: v127 raw/default
stage: v127 raw/fips
stage: v128 raw/default
stage: v128 raw/fips
stage: v129 raw/default
stage: v129 raw/fips
stage: v130 raw/default
stage: v130 raw/fips
stage: v131 raw/default
stage: v131 raw/fips
stage: v132 raw/default
stage: v132 raw/fips
stage: v133 raw/default
stage: v133 raw/fips
stage: v134 raw/default
stage: v134 raw/fips
stage: v135 raw/default
stage: v135 raw/fips
stage: v136 raw/default
stage: v136 raw/fips
stage: v137 raw/default
stage: v137 raw/fips
stage: v138 raw/default
stage: v138 raw/fips
stage: v139 raw/default
stage: v139 raw/fips
stage: v140 raw/default
stage: v140 raw/fips
stage: v141 raw/default
stage: v141 raw/fips
stage: v142 raw/default
stage: v142 raw/fips
stage: v143 raw/default
stage: v143 raw/fips
stage: v144 raw/default
stage: v144 raw/fips
stage: v145 raw/default
stage: v145 raw/fips
stage: v146 raw/default
stage: v146 raw/fips
stage: v147 raw/default
stage: v147 raw/fips
stage: v148 raw/default
stage: v148 raw/fips
stage: v149 raw/default
stage: v149 raw/fips
stage: v150 raw/default
stage: v150 raw/fips
stage: v151 raw/default
stage: v151 raw/fips
stage: v152 raw/default
stage: v152 raw/fips
stage: v153 raw/default
stage: v153 raw/fips
stage: v154 raw/default
stage: v154 raw/fips
stage: v155 raw/default
stage: v155 raw/fips
stage: v156 raw/default
stage: v156 raw/fips
stage: v157 raw/default
stage: v157 raw/fips
stage: v158 raw/default
stage: v158 raw/fips
stage: v159 raw/default
stage: v159 raw/fips
progress: vector 160 (ML-KEM-1024)
stage: v160 raw/default
stage: v160 raw/fips
stage: v161 raw/default
stage: v161 raw/fips
stage: v162 raw/default
stage: v162 raw/fips
stage: v163 raw/default
stage: v163 raw/fips
stage: v164 raw/default
stage: v164 raw/fips
stage: v165 raw/default
stage: v165 raw/fips
stage: v166 raw/default
stage: v166 raw/fips
stage: v167 raw/default
stage: v167 raw/fips
stage: v168 raw/default
stage: v168 raw/fips
stage: v169 raw/default
stage: v169 raw/fips
stage: v170 raw/default
stage: v170 raw/fips
stage: v171 raw/default
stage: v171 raw/fips
stage: v172 raw/default
stage: v172 raw/fips
stage: v173 raw/default
stage: v173 raw/fips
stage: v174 raw/default
stage: v174 raw/fips
stage: v175 raw/default
stage: v175 raw/fips
stage: v176 raw/default
stage: v176 raw/fips
stage: v177 raw/default
stage: v177 raw/fips
stage: v178 raw/default
stage: v178 raw/fips
stage: v179 raw/default
stage: v179 raw/fips
stage: v180 raw/default
stage: v180 raw/fips
stage: v181 raw/default
stage: v181 raw/fips
stage: v182 raw/default
stage: v182 raw/fips
stage: v183 raw/default
stage: v183 raw/fips
stage: v184 raw/default
stage: v184 raw/fips
stage: v185 raw/default
stage: v185 raw/fips
stage: v186 raw/default
stage: v186 raw/fips
stage: v187 raw/default
stage: v187 raw/fips
stage: v188 raw/default
stage: v188 raw/fips
stage: v189 raw/default
stage: v189 raw/fips
stage: v190 raw/default
stage: v190 raw/fips
stage: v191 raw/default
stage: v191 raw/fips
stage: v192 raw/default
stage: v192 raw/fips
stage: v193 raw/default
stage: v193 raw/fips
stage: v194 raw/default
stage: v194 raw/fips
stage: v195 raw/default
stage: v195 raw/fips
stage: v196 raw/default
stage: v196 raw/fips
stage: v197 raw/default
stage: v197 raw/fips
stage: v198 raw/default
stage: v198 raw/fips
stage: v199 raw/default
stage: v199 raw/fips
